// Jest Snapshot v1, https://goo.gl/fbAQLP

exports[`MovieDetails renders 1`] = `
<div>
  <div
    class="ant-row"
    style="margin: -8px -8px 8px -8px;"
  >
    <div
      class="ant-col ant-col-xs-24 ant-col-sm-12 ant-col-md-8 ant-col-lg-6 ant-col-xl-6"
      style="padding: 8px 8px 8px 8px;"
    >
      <img
        alt=""
        src=""
      />
      <div
        class="ant-descriptions"
      >
        <div
          class="ant-descriptions-header"
        >
          <div
            class="ant-descriptions-title"
          >
            Scores
          </div>
        </div>
        <div
          class="ant-descriptions-view"
        >
          <table>
            <tbody>
              <tr
                class="ant-descriptions-row"
              >
                <td
                  class="ant-descriptions-item"
                  colspan="1"
                >
                  <div
                    class="ant-descriptions-item-container"
                  >
                    <span
                      class="ant-descriptions-item-label"
                    >
                      imdbRating
                    </span>
                    
                  </div>
                </td>
                <td
                  class="ant-descriptions-item"
                  colspan="1"
                >
                  <div
                    class="ant-descriptions-item-container"
                  >
                    <span
                      class="ant-descriptions-item-label"
                    >
                      Metascore
                    </span>
                    
                  </div>
                </td>
                <td
                  class="ant-descriptions-item"
                  colspan="1"
                >
                  <div
                    class="ant-descriptions-item-container"
                  >
                    <span
                      class="ant-descriptions-item-label"
                    >
                      imdbVotes
                    </span>
                    
                  </div>
                </td>
              </tr>
            </tbody>
          </table>
        </div>
      </div>
      0
    </div>
    <div
      class="ant-col ant-col-xs-24 ant-col-sm-12 ant-col-md-16 ant-col-lg-18 ant-col-xl-18"
      style="padding: 8px 8px 8px 8px;"
    >
      <div
        class="ant-descriptions"
      >
        <div
          class="ant-descriptions-header"
        >
          <div
            class="ant-descriptions-title"
          >
            Plot
          </div>
        </div>
        <div
          class="ant-descriptions-view"
        >
          <table>
            <tbody>
              <tr
                class="ant-descriptions-row"
              >
                <td
                  class="ant-descriptions-item"
                  colspan="3"
                >
                  <div
                    class="ant-descriptions-item-container"
                  >
                    
                  </div>
                </td>
              </tr>
            </tbody>
          </table>
        </div>
      </div>
      <div
        class="ant-descriptions"
      >
        <div
          class="ant-descriptions-header"
        >
          <div
            class="ant-descriptions-title"
          >
            About
          </div>
        </div>
        <div
          class="ant-descriptions-view"
        >
          <table>
            <tbody>
              <tr
                class="ant-descriptions-row"
              >
                <td
                  class="ant-descriptions-item"
                  colspan="1"
                >
                  <div
                    class="ant-descriptions-item-container"
                  >
                    <span
                      class="ant-descriptions-item-label"
                    >
                      Director
                    </span>
                    
                  </div>
                </td>
                <td
                  class="ant-descriptions-item"
                  colspan="1"
                >
                  <div
                    class="ant-descriptions-item-container"
                  >
                    <span
                      class="ant-descriptions-item-label"
                    >
                      Writer
                    </span>
                    
                  </div>
                </td>
                <td
                  class="ant-descriptions-item"
                  colspan="1"
                >
                  <div
                    class="ant-descriptions-item-container"
                  >
                    <span
                      class="ant-descriptions-item-label"
                    >
                      Actors
                    </span>
                    
                  </div>
                </td>
              </tr>
            </tbody>
          </table>
        </div>
      </div>
    </div>
  </div>
</div>
`;
